#
# There is insufficient memory for the Java Runtime Environment to continue.
# Native memory allocation (malloc) failed to allocate 1328496 bytes. Error detail: Chunk::new
# Possible reasons:
#   The system is out of physical RAM or swap space
#   This process is running with CompressedOops enabled, and the Java Heap may be blocking the growth of the native heap
# Possible solutions:
#   Reduce memory load on the system
#   Increase physical memory or swap space
#   Check if swap backing store is full
#   Decrease Java heap size (-Xmx/-Xms)
#   Decrease number of Java threads
#   Decrease Java thread stack sizes (-Xss)
#   Set larger code cache with -XX:ReservedCodeCacheSize=
#   JVM is running with Unscaled Compressed Oops mode in which the Java heap is
#     placed in the first 4GB address space. The Java Heap base address is the
#     maximum limit for the native heap growth. Please use -XX:HeapBaseMinAddress
#     to set the Java Heap base and to place the Java Heap above 4GB virtual address.
# This output file may be truncated or incomplete.
#
#  Out of Memory Error (arena.cpp:168), pid=21224, tid=15400
#
# JRE version: OpenJDK Runtime Environment Temurin-21.0.12.1+1 (21.0.12.1+1) (build 21.0.12.1+1-LTS)
# Java VM: OpenJDK 64-Bit Server VM Temurin-21.0.12.1+1 (21.0.12.1+1-LTS, mixed mode, sharing, tiered, compressed oops, compressed class ptrs, parallel gc, windows-amd64)
# No core dump will be written. Minidumps are not enabled by default on client versions of Windows
#

---------------  S U M M A R Y ------------

Command Line: --add-modules=ALL-SYSTEM --add-opens=java.base/java.util=ALL-UNNAMED --add-opens=java.base/java.lang=ALL-UNNAMED --add-opens=java.base/sun.nio.fs=ALL-UNNAMED -Declipse.application=org.eclipse.jdt.ls.core.id1 -Dosgi.bundles.defaultStartLevel=4 -Declipse.product=org.eclipse.jdt.ls.core.product -Djava.import.generatesMetadataFilesAtProjectRoot=false -Dm2e.project.cache.size=50 -DDetectVMInstallationsJob.disabled=true -Dfile.encoding=utf8 -XX:+UseParallelGC -XX:GCTimeRatio=4 -XX:AdaptiveSizePolicyWeight=90 -Dsun.zip.disableMemoryMapping=true -Xmx2G -Xms100m -Xlog:disable -javaagent:c:\Users\T450 i5 Gen 5\.vscode\extensions\redhat.java-1.56.0-win32-x64\lombok\lombok-1.18.39-4050.jar -XX:+HeapDumpOnOutOfMemoryError -XX:HeapDumpPath=c:\Users\T450 i5 Gen 5\AppData\Roaming\Code\User\workspaceStorage\043d636dd35bb77c55df756c2450f629\redhat.java -Daether.dependencyCollector.impl=bf c:\Users\T450 i5 Gen 5\.vscode\extensions\redhat.java-1.56.0-win32-x64\server\plugins\org.eclipse.equinox.launcher_1.8.0.v20260804-1928.jar -configuration c:\Users\T450 i5 Gen 5\AppData\Roaming\Code\User\globalStorage\redhat.java\1.56.0\config_win -data c:\Users\T450 i5 Gen 5\AppData\Roaming\Code\User\workspaceStorage\043d636dd35bb77c55df756c2450f629\redhat.java\jdt_ws --stdio

Host: Intel(R) Core(TM) i5-5300U CPU @ 2.30GHz, 4 cores, 7G,  Windows 10 , 64 bit Build 19041 (10.0.19041.5915)
Time: Mon Sep  7 22:52:17 2026 SE Asia Standard Time elapsed time: 3871.757630 seconds (0d 1h 4m 31s)

---------------  T H R E A D  ---------------

Current thread (0x0000025e1667b060):  JavaThread "C2 CompilerThread0" daemon [_thread_in_native, id=15400, stack(0x00000077d1c00000,0x00000077d1d00000) (1024K)]


Current CompileTask:
C2:3871757 18332   !   4       org.eclipse.jdt.internal.core.NameLookup::<init> (805 bytes)

Stack: [0x00000077d1c00000,0x00000077d1d00000]
Native frames: (J=compiled Java code, j=interpreted, Vv=VM code, C=native code)
V  [jvm.dll+0x6d83e9]
V  [jvm.dll+0x8b5736]
V  [jvm.dll+0x8b7cee]
V  [jvm.dll+0x8b83d3]
V  [jvm.dll+0x284596]
V  [jvm.dll+0xc685d]
V  [jvm.dll+0xc6da1]
V  [jvm.dll+0x3bf151]
V  [jvm.dll+0x38b6d2]
V  [jvm.dll+0x38ab1a]
V  [jvm.dll+0x24c700]
V  [jvm.dll+0x24bce0]
V  [jvm.dll+0x1cb4ae]
V  [jvm.dll+0x25baad]
V  [jvm.dll+0x25a03a]
V  [jvm.dll+0x3f8aae]
V  [jvm.dll+0x8600cd]
V  [jvm.dll+0x6d6c1d]
C  [ucrtbase.dll+0x21bb2]
C  [KERNEL32.DLL+0x17374]
C  [ntdll.dll+0x4cc91]


---------------  P R O C E S S  ---------------

Threads class SMR info:
_java_thread_list=0x0000025e5d3f9400, length=34, elements={
0x0000025e7fab0070, 0x0000025e1666bcb0, 0x0000025e1666d310, 0x0000025e16671b50,
0x0000025e16672870, 0x0000025e16675380, 0x0000025e16679a80, 0x0000025e1667b060,
0x0000025e1667fbd0, 0x0000025e585b0e30, 0x0000025e586e3b10, 0x0000025e5d813a10,
0x0000025e5d862eb0, 0x0000025e5d629eb0, 0x0000025e5d6e9150, 0x0000025e5d46bdf0,
0x0000025e5dd0e960, 0x0000025e5d127850, 0x0000025e5d6cf370, 0x0000025e5d6cfa00,
0x0000025e5d6d0720, 0x0000025e5d6ce650, 0x0000025e5e949640, 0x0000025e5e9461c0,
0x0000025e5fde2b90, 0x0000025e5fde6d30, 0x0000025e5fde6010, 0x0000025e5fde4c60,
0x0000025e5fde3220, 0x0000025e5fde66a0, 0x0000025e5fde52f0, 0x0000025e5fde5980,
0x0000025e5fde73c0, 0x0000025e5fde38b0
}

Java Threads: ( => current thread )
  0x0000025e7fab0070 JavaThread "main"                              [_thread_blocked, id=17112, stack(0x00000077d1100000,0x00000077d1200000) (1024K)]
  0x0000025e1666bcb0 JavaThread "Reference Handler"          daemon [_thread_blocked, id=24864, stack(0x00000077d1600000,0x00000077d1700000) (1024K)]
  0x0000025e1666d310 JavaThread "Finalizer"                  daemon [_thread_blocked, id=15008, stack(0x00000077d1700000,0x00000077d1800000) (1024K)]
  0x0000025e16671b50 JavaThread "Signal Dispatcher"          daemon [_thread_blocked, id=17104, stack(0x00000077d1800000,0x00000077d1900000) (1024K)]
  0x0000025e16672870 JavaThread "Attach Listener"            daemon [_thread_blocked, id=17416, stack(0x00000077d1900000,0x00000077d1a00000) (1024K)]
  0x0000025e16675380 JavaThread "Service Thread"             daemon [_thread_blocked, id=6368, stack(0x00000077d1a00000,0x00000077d1b00000) (1024K)]
  0x0000025e16679a80 JavaThread "Monitor Deflation Thread"   daemon [_thread_blocked, id=8948, stack(0x00000077d1b00000,0x00000077d1c00000) (1024K)]
=>0x0000025e1667b060 JavaThread "C2 CompilerThread0"         daemon [_thread_in_native, id=15400, stack(0x00000077d1c00000,0x00000077d1d00000) (1024K)]
  0x0000025e1667fbd0 JavaThread "C1 CompilerThread0"         daemon [_thread_blocked, id=1420, stack(0x00000077d1d00000,0x00000077d1e00000) (1024K)]
  0x0000025e585b0e30 JavaThread "Common-Cleaner"             daemon [_thread_blocked, id=332, stack(0x00000077d1e00000,0x00000077d1f00000) (1024K)]
  0x0000025e586e3b10 JavaThread "Notification Thread"        daemon [_thread_blocked, id=20796, stack(0x00000077d1f00000,0x00000077d2000000) (1024K)]
  0x0000025e5d813a10 JavaThread "Active Thread: Equinox Container: 1733d2ff-5ffe-4432-9414-25471d5c5b70"        [_thread_blocked, id=1776, stack(0x00000077d2400000,0x00000077d2500000) (1024K)]
  0x0000025e5d862eb0 JavaThread "Refresh Thread: Equinox Container: 1733d2ff-5ffe-4432-9414-25471d5c5b70" daemon [_thread_blocked, id=8148, stack(0x00000077d2500000,0x00000077d2600000) (1024K)]
  0x0000025e5d629eb0 JavaThread "Framework Event Dispatcher: Equinox Container: 1733d2ff-5ffe-4432-9414-25471d5c5b70" daemon [_thread_blocked, id=10532, stack(0x00000077d2600000,0x00000077d2700000) (1024K)]
  0x0000025e5d6e9150 JavaThread "Start Level: Equinox Container: 1733d2ff-5ffe-4432-9414-25471d5c5b70" daemon [_thread_blocked, id=14660, stack(0x00000077d2700000,0x00000077d2800000) (1024K)]
  0x0000025e5d46bdf0 JavaThread "Bundle File Closer"         daemon [_thread_blocked, id=22912, stack(0x00000077d2000000,0x00000077d2100000) (1024K)]
  0x0000025e5dd0e960 JavaThread "SCR Component Actor"        daemon [_thread_blocked, id=14096, stack(0x00000077d2800000,0x00000077d2900000) (1024K)]
  0x0000025e5d127850 JavaThread "Worker-JM"                         [_thread_blocked, id=868, stack(0x00000077d2a00000,0x00000077d2b00000) (1024K)]
  0x0000025e5d6cf370 JavaThread "JNA Cleaner"                daemon [_thread_blocked, id=22404, stack(0x00000077d2900000,0x00000077d2a00000) (1024K)]
  0x0000025e5d6cfa00 JavaThread "Worker-0"                          [_thread_blocked, id=6216, stack(0x00000077d2b00000,0x00000077d2c00000) (1024K)]
  0x0000025e5d6d0720 JavaThread "Java indexing"              daemon [_thread_blocked, id=13628, stack(0x00000077d2f00000,0x00000077d3000000) (1024K)]
  0x0000025e5d6ce650 JavaThread "pool-2-thread-1"                   [_thread_blocked, id=11544, stack(0x00000077d3400000,0x00000077d3500000) (1024K)]
  0x0000025e5e949640 JavaThread "WorkspaceEventsHandler"            [_thread_blocked, id=2772, stack(0x00000077d3500000,0x00000077d3600000) (1024K)]
  0x0000025e5e9461c0 JavaThread "pool-1-thread-1"                   [_thread_in_native, id=1628, stack(0x00000077d3600000,0x00000077d3700000) (1024K)]
  0x0000025e5fde2b90 JavaThread "Cleaner-0"                  daemon [_thread_blocked, id=10524, stack(0x00000077d0f00000,0x00000077d1000000) (1024K)]
  0x0000025e5fde6d30 JavaThread "Worker-6"                          [_thread_blocked, id=2804, stack(0x00000077d2c00000,0x00000077d2d00000) (1024K)]
  0x0000025e5fde6010 JavaThread "ForkJoinPool.commonPool-worker-4" daemon [_thread_blocked, id=23108, stack(0x00000077d1000000,0x00000077d1100000) (1024K)]
  0x0000025e5fde4c60 JavaThread "ForkJoinPool.commonPool-worker-5" daemon [_thread_blocked, id=19788, stack(0x00000077d1200000,0x00000077d1300000) (1024K)]
  0x0000025e5fde3220 JavaThread "ForkJoinPool.commonPool-worker-6" daemon [_thread_blocked, id=20776, stack(0x00000077d2d00000,0x00000077d2e00000) (1024K)]
  0x0000025e5fde66a0 JavaThread "Worker-7"                          [_thread_blocked, id=9188, stack(0x00000077d2e00000,0x00000077d2f00000) (1024K)]
  0x0000025e5fde52f0 JavaThread "PatternSearchJob-worker-4"  daemon [_thread_blocked, id=14464, stack(0x00000077d3000000,0x00000077d3100000) (1024K)]
  0x0000025e5fde5980 JavaThread "PatternSearchJob-worker-5"  daemon [_thread_blocked, id=20404, stack(0x00000077d3100000,0x00000077d3200000) (1024K)]
  0x0000025e5fde73c0 JavaThread "PatternSearchJob-worker-6"  daemon [_thread_blocked, id=1764, stack(0x00000077d3200000,0x00000077d3300000) (1024K)]
  0x0000025e5fde38b0 JavaThread "pool-1-thread-4"                   [_thread_blocked, id=13728, stack(0x00000077d3300000,0x00000077d3400000) (1024K)]
Total: 34

Other Threads:
  0x0000025e16650300 VMThread "VM Thread"                           [id=6048, stack(0x00000077d1500000,0x00000077d1600000) (1024K)]
  0x0000025e7fb79470 WatcherThread "VM Periodic Task Thread"        [id=19104, stack(0x00000077d1400000,0x00000077d1500000) (1024K)]
  0x0000025e7face550 WorkerThread "GC Thread#0"                     [id=17888, stack(0x00000077d1300000,0x00000077d1400000) (1024K)]
  0x0000025e5d3c0e10 WorkerThread "GC Thread#1"                     [id=24860, stack(0x00000077d2100000,0x00000077d2200000) (1024K)]
  0x0000025e5d3c11c0 WorkerThread "GC Thread#2"                     [id=24252, stack(0x00000077d2200000,0x00000077d2300000) (1024K)]
  0x0000025e5d3c1570 WorkerThread "GC Thread#3"                     [id=22632, stack(0x00000077d2300000,0x00000077d2400000) (1024K)]
Total: 6

Threads with active compile tasks:
C2 CompilerThread0  3871846 18332   !   4       org.eclipse.jdt.internal.core.NameLookup::<init> (805 bytes)
Total: 1

VM state: not at safepoint (normal execution)

VM Mutex/Monitor currently owned by a thread: None

Heap address: 0x0000000080000000, size: 2048 MB, Compressed Oops mode: 32-bit

CDS archive(s) mapped at: [0x0000025e17000000-0x0000025e17ba0000-0x0000025e17ba0000), size 12189696, SharedBaseAddress: 0x0000025e17000000, ArchiveRelocationMode: 1.
Compressed class space mapped at: 0x0000025e18000000-0x0000025e58000000, reserved size: 1073741824
Narrow klass base: 0x0000025e17000000, Narrow klass shift: 0, Narrow klass range: 0x100000000

GC Precious Log:
 CardTable entry size: 512
 CPUs: 4 total, 4 available
 Memory: 8066M
 Large Page Support: Disabled
 NUMA Support: Disabled
 Compressed Oops: Enabled (32-bit)
 Alignments: Space 512K, Generation 512K, Heap 2M
 Heap Min Capacity: 100M
 Heap Initial Capacity: 100M
 Heap Max Capacity: 2G
 Pre-touch: Disabled
 Parallel Workers: 4

Heap:
 PSYoungGen      total 7680K, used 2479K [0x00000000d5580000, 0x00000000d6200000, 0x0000000100000000)
  eden space 7168K, 27% used [0x00000000d5580000,0x00000000d576dae8,0x00000000d5c80000)
  from space 512K, 98% used [0x00000000d6180000,0x00000000d61fe410,0x00000000d6200000)
  to   space 1024K, 0% used [0x00000000d6000000,0x00000000d6000000,0x00000000d6100000)
 ParOldGen       total 121344K, used 121137K [0x0000000080000000, 0x0000000087680000, 0x00000000d5580000)
  object space 121344K, 99% used [0x0000000080000000,0x000000008764c428,0x0000000087680000)
 Metaspace       used 80887K, committed 82688K, reserved 1179648K
  class space    used 8216K, committed 9024K, reserved 1048576K

Card table byte_map: [0x0000025e7f470000,0x0000025e7f880000] _byte_map_base: 0x0000025e7f070000

Marking Bits: (ParMarkBitMap*) 0x00007fff655844a0
 Begin Bits: [0x0000025e12140000, 0x0000025e14140000)
 End Bits:   [0x0000025e14140000, 0x0000025e16140000)

Polling page: 0x0000025e7d7f0000

Metaspace:

Usage:
  Non-class:     70.97 MB used.
      Class:      8.02 MB used.
       Both:     78.99 MB used.

Virtual space:
  Non-class space:      128.00 MB reserved,      71.94 MB ( 56%) committed,  2 nodes.
      Class space:        1.00 GB reserved,       8.81 MB ( <1%) committed,  1 nodes.
             Both:        1.12 GB reserved,      80.75 MB (  7%) committed. 

Chunk freelists:
   Non-Class:  7.42 MB
       Class:  7.21 MB
        Both:  14.63 MB

MaxMetaspaceSize: unlimited
CompressedClassSpaceSize: 1.00 GB
Initial GC threshold: 21.00 MB
Current GC threshold: 130.31 MB
CDS: on
 - commit_granule_bytes: 65536.
 - commit_granule_words: 8192.
 - virtual_space_node_default_size: 8388608.
 - enlarge_chunks_in_place: 1.
 - use_allocation_guard: 0.


Internal statistics:

num_allocs_failed_limit: 9.
num_arena_births: 1664.
num_arena_deaths: 482.
num_vsnodes_births: 3.
num_vsnodes_deaths: 0.
num_space_committed: 1292.
num_space_uncommitted: 0.
num_chunks_returned_to_freelist: 593.
num_chunks_taken_from_freelist: 5954.
num_chunk_merges: 177.
num_chunk_splits: 3455.
num_chunks_enlarged: 1897.
num_inconsistent_stats: 0.

CodeHeap 'non-profiled nmethods': size=120000Kb used=15681Kb max_used=15681Kb free=104318Kb
 bounds [0x0000025e0ac10000, 0x0000025e0bb70000, 0x0000025e12140000]
CodeHeap 'profiled nmethods': size=120000Kb used=41794Kb max_used=41794Kb free=78205Kb
 bounds [0x0000025e03140000, 0x0000025e05a20000, 0x0000025e0a670000]
CodeHeap 'non-nmethods': size=5760Kb used=1474Kb max_used=1542Kb free=4285Kb
 bounds [0x0000025e0a670000, 0x0000025e0a8e0000, 0x0000025e0ac10000]
CodeCache: size=245760Kb, used=58949Kb, max_used=59017Kb, free=186808Kb
 total_blobs=17524, nmethods=16730, adapters=697, full_count=0
Compilation: enabled, stopped_count=0, restarted_count=0

Compilation events (20 events):
Event: 3871.125 Thread 0x0000025e1667fbd0 nmethod 18323 0x0000025e0bb60110 code [0x0000025e0bb602a0, 0x0000025e0bb60370]
Event: 3871.125 Thread 0x0000025e1667fbd0 18324       3       org.eclipse.jdt.core.dom.ImportDeclaration::getModifiers (78 bytes)
Event: 3871.126 Thread 0x0000025e1667fbd0 nmethod 18324 0x0000025e05a00d90 code [0x0000025e05a00fe0, 0x0000025e05a01b50]
Event: 3871.126 Thread 0x0000025e1667fbd0 18327       3       org.eclipse.jdt.core.dom.SimpleName::subtreeMatch0 (7 bytes)
Event: 3871.127 Thread 0x0000025e1667fbd0 nmethod 18327 0x0000025e05a01e90 code [0x0000025e05a02040, 0x0000025e05a02220]
Event: 3871.127 Thread 0x0000025e1667fbd0 18328       3       org.eclipse.jdt.internal.corext.refactoring.code.SnippetFinder$Matcher::match (182 bytes)
Event: 3871.129 Thread 0x0000025e1667fbd0 nmethod 18328 0x0000025e05a02310 code [0x0000025e05a02780, 0x0000025e05a04cf8]
Event: 3871.129 Thread 0x0000025e1667fbd0 18330       3       java.util.regex.Pattern$Curly::match (91 bytes)
Event: 3871.129 Thread 0x0000025e1667fbd0 nmethod 18330 0x0000025e05a05810 code [0x0000025e05a05a20, 0x0000025e05a05ec8]
Event: 3871.129 Thread 0x0000025e1667fbd0 18329       3       org.eclipse.jdt.internal.corext.dom.GenericVisitor::visit (6 bytes)
Event: 3871.129 Thread 0x0000025e1667fbd0 nmethod 18329 0x0000025e05a06090 code [0x0000025e05a06240, 0x0000025e05a06408]
Event: 3871.129 Thread 0x0000025e1667fbd0 18325       3       org.eclipse.jdt.core.dom.Modifier::isModule (11 bytes)
Event: 3871.129 Thread 0x0000025e1667fbd0 nmethod 18325 0x0000025e05a06490 code [0x0000025e05a06640, 0x0000025e05a06798]
Event: 3871.129 Thread 0x0000025e1667fbd0 18326       1       org.eclipse.jdt.core.dom.PrimitiveType::getNodeType0 (3 bytes)
Event: 3871.130 Thread 0x0000025e1667fbd0 nmethod 18326 0x0000025e0bb60410 code [0x0000025e0bb605a0, 0x0000025e0bb60668]
Event: 3871.416 Thread 0x0000025e1667fbd0 18331   !   3       org.eclipse.jdt.internal.core.manipulation.JavaElementLabelComposerCore::appendTypeLabel (795 bytes)
Event: 3871.428 Thread 0x0000025e1667fbd0 nmethod 18331 0x0000025e05a06810 code [0x0000025e05a07180, 0x0000025e05a0c5d0]
Event: 3871.441 Thread 0x0000025e1667b060 18332   !   4       org.eclipse.jdt.internal.core.NameLookup::<init> (805 bytes)
Event: 3871.469 Thread 0x0000025e1667fbd0 18334       3       org.eclipse.jdt.internal.compiler.ast.ASTNode::isMethodUseDeprecated (193 bytes)
Event: 3871.472 Thread 0x0000025e1667fbd0 nmethod 18334 0x0000025e05a0e610 code [0x0000025e05a0e9a0, 0x0000025e05a101c0]

GC Heap History (20 events):
Event: 3865.278 GC heap before
{Heap before GC invocations=213 (full 4):
 PSYoungGen      total 7680K, used 7620K [0x00000000d5580000, 0x00000000d6280000, 0x0000000100000000)
  eden space 7168K, 100% used [0x00000000d5580000,0x00000000d5c80000,0x00000000d5c80000)
  from space 512K, 88% used [0x00000000d6200000,0x00000000d6271210,0x00000000d6280000)
  to   space 512K, 0% used [0x00000000d6180000,0x00000000d6180000,0x00000000d6200000)
 ParOldGen       total 117760K, used 117717K [0x0000000080000000, 0x0000000087300000, 0x00000000d5580000)
  object space 117760K, 99% used [0x0000000080000000,0x00000000872f57d8,0x0000000087300000)
 Metaspace       used 80759K, committed 82496K, reserved 1179648K
  class space    used 8216K, committed 9024K, reserved 1048576K
}
Event: 3865.279 GC heap after
{Heap after GC invocations=213 (full 4):
 PSYoungGen      total 7680K, used 484K [0x00000000d5580000, 0x00000000d6280000, 0x0000000100000000)
  eden space 7168K, 0% used [0x00000000d5580000,0x00000000d5580000,0x00000000d5c80000)
  from space 512K, 94% used [0x00000000d6180000,0x00000000d61f9210,0x00000000d6200000)
  to   space 512K, 0% used [0x00000000d6200000,0x00000000d6200000,0x00000000d6280000)
 ParOldGen       total 118272K, used 117805K [0x0000000080000000, 0x0000000087380000, 0x00000000d5580000)
  object space 118272K, 99% used [0x0000000080000000,0x000000008730b7d8,0x0000000087380000)
 Metaspace       used 80759K, committed 82496K, reserved 1179648K
  class space    used 8216K, committed 9024K, reserved 1048576K
}
Event: 3865.740 GC heap before
{Heap before GC invocations=214 (full 4):
 PSYoungGen      total 7680K, used 7652K [0x00000000d5580000, 0x00000000d6280000, 0x0000000100000000)
  eden space 7168K, 100% used [0x00000000d5580000,0x00000000d5c80000,0x00000000d5c80000)
  from space 512K, 94% used [0x00000000d6180000,0x00000000d61f9210,0x00000000d6200000)
  to   space 512K, 0% used [0x00000000d6200000,0x00000000d6200000,0x00000000d6280000)
 ParOldGen       total 118272K, used 117805K [0x0000000080000000, 0x0000000087380000, 0x00000000d5580000)
  object space 118272K, 99% used [0x0000000080000000,0x000000008730b7d8,0x0000000087380000)
 Metaspace       used 80770K, committed 82496K, reserved 1179648K
  class space    used 8216K, committed 9024K, reserved 1048576K
}
Event: 3865.741 GC heap after
{Heap after GC invocations=214 (full 4):
 PSYoungGen      total 7680K, used 148K [0x00000000d5580000, 0x00000000d6280000, 0x0000000100000000)
  eden space 7168K, 0% used [0x00000000d5580000,0x00000000d5580000,0x00000000d5c80000)
  from space 512K, 29% used [0x00000000d6200000,0x00000000d6225200,0x00000000d6280000)
  to   space 512K, 0% used [0x00000000d6180000,0x00000000d6180000,0x00000000d6200000)
 ParOldGen       total 118784K, used 118274K [0x0000000080000000, 0x0000000087400000, 0x00000000d5580000)
  object space 118784K, 99% used [0x0000000080000000,0x00000000873809e8,0x0000000087400000)
 Metaspace       used 80770K, committed 82496K, reserved 1179648K
  class space    used 8216K, committed 9024K, reserved 1048576K
}
Event: 3866.198 GC heap before
{Heap before GC invocations=215 (full 4):
 PSYoungGen      total 7680K, used 7313K [0x00000000d5580000, 0x00000000d6280000, 0x0000000100000000)
  eden space 7168K, 99% used [0x00000000d5580000,0x00000000d5c7f598,0x00000000d5c80000)
  from space 512K, 29% used [0x00000000d6200000,0x00000000d6225200,0x00000000d6280000)
  to   space 512K, 0% used [0x00000000d6180000,0x00000000d6180000,0x00000000d6200000)
 ParOldGen       total 118784K, used 118274K [0x0000000080000000, 0x0000000087400000, 0x00000000d5580000)
  object space 118784K, 99% used [0x0000000080000000,0x00000000873809e8,0x0000000087400000)
 Metaspace       used 80802K, committed 82560K, reserved 1179648K
  class space    used 8216K, committed 9024K, reserved 1048576K
}
Event: 3866.200 GC heap after
{Heap after GC invocations=215 (full 4):
 PSYoungGen      total 7680K, used 512K [0x00000000d5580000, 0x00000000d6280000, 0x0000000100000000)
  eden space 7168K, 0% used [0x00000000d5580000,0x00000000d5580000,0x00000000d5c80000)
  from space 512K, 100% used [0x00000000d6180000,0x00000000d6200000,0x00000000d6200000)
  to   space 512K, 0% used [0x00000000d6200000,0x00000000d6200000,0x00000000d6280000)
 ParOldGen       total 119296K, used 118803K [0x0000000080000000, 0x0000000087480000, 0x00000000d5580000)
  object space 119296K, 99% used [0x0000000080000000,0x0000000087404df8,0x0000000087480000)
 Metaspace       used 80802K, committed 82560K, reserved 1179648K
  class space    used 8216K, committed 9024K, reserved 1048576K
}
Event: 3867.087 GC heap before
{Heap before GC invocations=216 (full 4):
 PSYoungGen      total 7680K, used 7679K [0x00000000d5580000, 0x00000000d6280000, 0x0000000100000000)
  eden space 7168K, 99% used [0x00000000d5580000,0x00000000d5c7ffc0,0x00000000d5c80000)
  from space 512K, 100% used [0x00000000d6180000,0x00000000d6200000,0x00000000d6200000)
  to   space 512K, 0% used [0x00000000d6200000,0x00000000d6200000,0x00000000d6280000)
 ParOldGen       total 119296K, used 118803K [0x0000000080000000, 0x0000000087480000, 0x00000000d5580000)
  object space 119296K, 99% used [0x0000000080000000,0x0000000087404df8,0x0000000087480000)
 Metaspace       used 80812K, committed 82560K, reserved 1179648K
  class space    used 8216K, committed 9024K, reserved 1048576K
}
Event: 3867.089 GC heap after
{Heap after GC invocations=216 (full 4):
 PSYoungGen      total 7680K, used 128K [0x00000000d5580000, 0x00000000d6280000, 0x0000000100000000)
  eden space 7168K, 0% used [0x00000000d5580000,0x00000000d5580000,0x00000000d5c80000)
  from space 512K, 25% used [0x00000000d6200000,0x00000000d6220000,0x00000000d6280000)
  to   space 512K, 0% used [0x00000000d6180000,0x00000000d6180000,0x00000000d6200000)
 ParOldGen       total 119808K, used 119331K [0x0000000080000000, 0x0000000087500000, 0x00000000d5580000)
  object space 119808K, 99% used [0x0000000080000000,0x0000000087488df8,0x0000000087500000)
 Metaspace       used 80812K, committed 82560K, reserved 1179648K
  class space    used 8216K, committed 9024K, reserved 1048576K
}
Event: 3867.764 GC heap before
{Heap before GC invocations=217 (full 4):
 PSYoungGen      total 7680K, used 7296K [0x00000000d5580000, 0x00000000d6280000, 0x0000000100000000)
  eden space 7168K, 100% used [0x00000000d5580000,0x00000000d5c80000,0x00000000d5c80000)
  from space 512K, 25% used [0x00000000d6200000,0x00000000d6220000,0x00000000d6280000)
  to   space 512K, 0% used [0x00000000d6180000,0x00000000d6180000,0x00000000d6200000)
 ParOldGen       total 119808K, used 119331K [0x0000000080000000, 0x0000000087500000, 0x00000000d5580000)
  object space 119808K, 99% used [0x0000000080000000,0x0000000087488df8,0x0000000087500000)
 Metaspace       used 80817K, committed 82560K, reserved 1179648K
  class space    used 8216K, committed 9024K, reserved 1048576K
}
Event: 3867.766 GC heap after
{Heap after GC invocations=217 (full 4):
 PSYoungGen      total 7680K, used 484K [0x00000000d5580000, 0x00000000d6280000, 0x0000000100000000)
  eden space 7168K, 0% used [0x00000000d5580000,0x00000000d5580000,0x00000000d5c80000)
  from space 512K, 94% used [0x00000000d6180000,0x00000000d61f9210,0x00000000d6200000)
  to   space 512K, 0% used [0x00000000d6200000,0x00000000d6200000,0x00000000d6280000)
 ParOldGen       total 119808K, used 119435K [0x0000000080000000, 0x0000000087500000, 0x00000000d5580000)
  object space 119808K, 99% used [0x0000000080000000,0x00000000874a2df8,0x0000000087500000)
 Metaspace       used 80817K, committed 82560K, reserved 1179648K
  class space    used 8216K, committed 9024K, reserved 1048576K
}
Event: 3868.495 GC heap before
{Heap before GC invocations=218 (full 4):
 PSYoungGen      total 7680K, used 7652K [0x00000000d5580000, 0x00000000d6280000, 0x0000000100000000)
  eden space 7168K, 99% used [0x00000000d5580000,0x00000000d5c7fff8,0x00000000d5c80000)
  from space 512K, 94% used [0x00000000d6180000,0x00000000d61f9210,0x00000000d6200000)
  to   space 512K, 0% used [0x00000000d6200000,0x00000000d6200000,0x00000000d6280000)
 ParOldGen       total 119808K, used 119435K [0x0000000080000000, 0x0000000087500000, 0x00000000d5580000)
  object space 119808K, 99% used [0x0000000080000000,0x00000000874a2df8,0x0000000087500000)
 Metaspace       used 80830K, committed 82624K, reserved 1179648K
  class space    used 8216K, committed 9024K, reserved 1048576K
}
Event: 3868.498 GC heap after
{Heap after GC invocations=218 (full 4):
 PSYoungGen      total 7680K, used 500K [0x00000000d5580000, 0x00000000d6280000, 0x0000000100000000)
  eden space 7168K, 0% used [0x00000000d5580000,0x00000000d5580000,0x00000000d5c80000)
  from space 512K, 97% used [0x00000000d6200000,0x00000000d627d200,0x00000000d6280000)
  to   space 1536K, 0% used [0x00000000d5f80000,0x00000000d5f80000,0x00000000d6100000)
 ParOldGen       total 120320K, used 120316K [0x0000000080000000, 0x0000000087580000, 0x00000000d5580000)
  object space 120320K, 99% used [0x0000000080000000,0x000000008757f228,0x0000000087580000)
 Metaspace       used 80830K, committed 82624K, reserved 1179648K
  class space    used 8216K, committed 9024K, reserved 1048576K
}
Event: 3869.066 GC heap before
{Heap before GC invocations=219 (full 4):
 PSYoungGen      total 7680K, used 7668K [0x00000000d5580000, 0x00000000d6280000, 0x0000000100000000)
  eden space 7168K, 99% used [0x00000000d5580000,0x00000000d5c7fff8,0x00000000d5c80000)
  from space 512K, 97% used [0x00000000d6200000,0x00000000d627d200,0x00000000d6280000)
  to   space 1536K, 0% used [0x00000000d5f80000,0x00000000d5f80000,0x00000000d6100000)
 ParOldGen       total 120320K, used 120316K [0x0000000080000000, 0x0000000087580000, 0x00000000d5580000)
  object space 120320K, 99% used [0x0000000080000000,0x000000008757f228,0x0000000087580000)
 Metaspace       used 80844K, committed 82624K, reserved 1179648K
  class space    used 8216K, committed 9024K, reserved 1048576K
}
Event: 3869.069 GC heap after
{Heap after GC invocations=219 (full 4):
 PSYoungGen      total 8704K, used 192K [0x00000000d5580000, 0x00000000d6280000, 0x0000000100000000)
  eden space 7168K, 0% used [0x00000000d5580000,0x00000000d5580000,0x00000000d5c80000)
  from space 1536K, 12% used [0x00000000d5f80000,0x00000000d5fb0000,0x00000000d6100000)
  to   space 1024K, 0% used [0x00000000d6180000,0x00000000d6180000,0x00000000d6280000)
 ParOldGen       total 120832K, used 120793K [0x0000000080000000, 0x0000000087600000, 0x00000000d5580000)
  object space 120832K, 99% used [0x0000000080000000,0x00000000875f6428,0x0000000087600000)
 Metaspace       used 80844K, committed 82624K, reserved 1179648K
  class space    used 8216K, committed 9024K, reserved 1048576K
}
Event: 3869.499 GC heap before
{Heap before GC invocations=220 (full 4):
 PSYoungGen      total 8704K, used 7359K [0x00000000d5580000, 0x00000000d6280000, 0x0000000100000000)
  eden space 7168K, 99% used [0x00000000d5580000,0x00000000d5c7fff8,0x00000000d5c80000)
  from space 1536K, 12% used [0x00000000d5f80000,0x00000000d5fb0000,0x00000000d6100000)
  to   space 1024K, 0% used [0x00000000d6180000,0x00000000d6180000,0x00000000d6280000)
 ParOldGen       total 120832K, used 120793K [0x0000000080000000, 0x0000000087600000, 0x00000000d5580000)
  object space 120832K, 99% used [0x0000000080000000,0x00000000875f6428,0x0000000087600000)
 Metaspace       used 80846K, committed 82624K, reserved 1179648K
  class space    used 8216K, committed 9024K, reserved 1048576K
}
Event: 3869.501 GC heap after
{Heap after GC invocations=220 (full 4):
 PSYoungGen      total 8192K, used 586K [0x00000000d5580000, 0x00000000d6280000, 0x0000000100000000)
  eden space 7168K, 0% used [0x00000000d5580000,0x00000000d5580000,0x00000000d5c80000)
  from space 1024K, 57% used [0x00000000d6180000,0x00000000d6212910,0x00000000d6280000)
  to   space 1024K, 0% used [0x00000000d6080000,0x00000000d6080000,0x00000000d6180000)
 ParOldGen       total 121344K, used 120921K [0x0000000080000000, 0x0000000087680000, 0x00000000d5580000)
  object space 121344K, 99% used [0x0000000080000000,0x0000000087616428,0x0000000087680000)
 Metaspace       used 80846K, committed 82624K, reserved 1179648K
  class space    used 8216K, committed 9024K, reserved 1048576K
}
Event: 3871.014 GC heap before
{Heap before GC invocations=221 (full 4):
 PSYoungGen      total 8192K, used 7754K [0x00000000d5580000, 0x00000000d6280000, 0x0000000100000000)
  eden space 7168K, 99% used [0x00000000d5580000,0x00000000d5c7fff8,0x00000000d5c80000)
  from space 1024K, 57% used [0x00000000d6180000,0x00000000d6212910,0x00000000d6280000)
  to   space 1024K, 0% used [0x00000000d6080000,0x00000000d6080000,0x00000000d6180000)
 ParOldGen       total 121344K, used 120921K [0x0000000080000000, 0x0000000087680000, 0x00000000d5580000)
  object space 121344K, 99% used [0x0000000080000000,0x0000000087616428,0x0000000087680000)
 Metaspace       used 80861K, committed 82624K, reserved 1179648K
  class space    used 8216K, committed 9024K, reserved 1048576K
}
Event: 3871.015 GC heap after
{Heap after GC invocations=221 (full 4):
 PSYoungGen      total 8192K, used 144K [0x00000000d5580000, 0x00000000d6200000, 0x0000000100000000)
  eden space 7168K, 0% used [0x00000000d5580000,0x00000000d5580000,0x00000000d5c80000)
  from space 1024K, 14% used [0x00000000d6080000,0x00000000d60a4010,0x00000000d6180000)
  to   space 512K, 0% used [0x00000000d6180000,0x00000000d6180000,0x00000000d6200000)
 ParOldGen       total 121344K, used 120945K [0x0000000080000000, 0x0000000087680000, 0x00000000d5580000)
  object space 121344K, 99% used [0x0000000080000000,0x000000008761c428,0x0000000087680000)
 Metaspace       used 80861K, committed 82624K, reserved 1179648K
  class space    used 8216K, committed 9024K, reserved 1048576K
}
Event: 3871.457 GC heap before
{Heap before GC invocations=222 (full 4):
 PSYoungGen      total 8192K, used 7312K [0x00000000d5580000, 0x00000000d6200000, 0x0000000100000000)
  eden space 7168K, 100% used [0x00000000d5580000,0x00000000d5c80000,0x00000000d5c80000)
  from space 1024K, 14% used [0x00000000d6080000,0x00000000d60a4010,0x00000000d6180000)
  to   space 512K, 0% used [0x00000000d6180000,0x00000000d6180000,0x00000000d6200000)
 ParOldGen       total 121344K, used 120945K [0x0000000080000000, 0x0000000087680000, 0x00000000d5580000)
  object space 121344K, 99% used [0x0000000080000000,0x000000008761c428,0x0000000087680000)
 Metaspace       used 80887K, committed 82688K, reserved 1179648K
  class space    used 8216K, committed 9024K, reserved 1048576K
}
Event: 3871.460 GC heap after
{Heap after GC invocations=222 (full 4):
 PSYoungGen      total 7680K, used 505K [0x00000000d5580000, 0x00000000d6200000, 0x0000000100000000)
  eden space 7168K, 0% used [0x00000000d5580000,0x00000000d5580000,0x00000000d5c80000)
  from space 512K, 98% used [0x00000000d6180000,0x00000000d61fe410,0x00000000d6200000)
  to   space 1024K, 0% used [0x00000000d6000000,0x00000000d6000000,0x00000000d6100000)
 ParOldGen       total 121344K, used 121137K [0x0000000080000000, 0x0000000087680000, 0x00000000d5580000)
  object space 121344K, 99% used [0x0000000080000000,0x000000008764c428,0x0000000087680000)
 Metaspace       used 80887K, committed 82688K, reserved 1179648K
  class space    used 8216K, committed 9024K, reserved 1048576K
}

Dll operation events (20 events):
Event: 0.015 Attempting to load shared library c:\Users\T450 i5 Gen 5\.vscode\extensions\redhat.java-1.56.0-win32-x64\jre\21.0.12.1-win32-x86_64\bin\java.dll
Event: 0.015 Loaded shared library c:\Users\T450 i5 Gen 5\.vscode\extensions\redhat.java-1.56.0-win32-x64\jre\21.0.12.1-win32-x86_64\bin\java.dll
Event: 0.166 Attempting to load shared library c:\Users\T450 i5 Gen 5\.vscode\extensions\redhat.java-1.56.0-win32-x64\jre\21.0.12.1-win32-x86_64\bin\zip.dll
Event: 0.166 Loaded shared library c:\Users\T450 i5 Gen 5\.vscode\extensions\redhat.java-1.56.0-win32-x64\jre\21.0.12.1-win32-x86_64\bin\zip.dll
Event: 0.224 Attempting to load shared library C:\Users\T450 i5 Gen 5\.vscode\extensions\redhat.java-1.56.0-win32-x64\jre\21.0.12.1-win32-x86_64\bin\instrument.dll
Event: 0.224 Loaded shared library C:\Users\T450 i5 Gen 5\.vscode\extensions\redhat.java-1.56.0-win32-x64\jre\21.0.12.1-win32-x86_64\bin\instrument.dll
Event: 0.233 Attempting to load shared library C:\Users\T450 i5 Gen 5\.vscode\extensions\redhat.java-1.56.0-win32-x64\jre\21.0.12.1-win32-x86_64\bin\net.dll
Event: 0.234 Loaded shared library C:\Users\T450 i5 Gen 5\.vscode\extensions\redhat.java-1.56.0-win32-x64\jre\21.0.12.1-win32-x86_64\bin\net.dll
Event: 0.237 Attempting to load shared library C:\Users\T450 i5 Gen 5\.vscode\extensions\redhat.java-1.56.0-win32-x64\jre\21.0.12.1-win32-x86_64\bin\nio.dll
Event: 0.237 Loaded shared library C:\Users\T450 i5 Gen 5\.vscode\extensions\redhat.java-1.56.0-win32-x64\jre\21.0.12.1-win32-x86_64\bin\nio.dll
Event: 0.262 Attempting to load shared library C:\Users\T450 i5 Gen 5\.vscode\extensions\redhat.java-1.56.0-win32-x64\jre\21.0.12.1-win32-x86_64\bin\zip.dll
Event: 0.262 Loaded shared library C:\Users\T450 i5 Gen 5\.vscode\extensions\redhat.java-1.56.0-win32-x64\jre\21.0.12.1-win32-x86_64\bin\zip.dll
Event: 0.311 Attempting to load shared library C:\Users\T450 i5 Gen 5\.vscode\extensions\redhat.java-1.56.0-win32-x64\jre\21.0.12.1-win32-x86_64\bin\jimage.dll
Event: 0.311 Loaded shared library C:\Users\T450 i5 Gen 5\.vscode\extensions\redhat.java-1.56.0-win32-x64\jre\21.0.12.1-win32-x86_64\bin\jimage.dll
Event: 0.656 Attempting to load shared library c:\Users\T450 i5 Gen 5\.vscode\extensions\redhat.java-1.56.0-win32-x64\jre\21.0.12.1-win32-x86_64\bin\verify.dll
Event: 0.657 Loaded shared library c:\Users\T450 i5 Gen 5\.vscode\extensions\redhat.java-1.56.0-win32-x64\jre\21.0.12.1-win32-x86_64\bin\verify.dll
Event: 3.951 Attempting to load shared library C:\Users\T450 i5 Gen 5\AppData\Roaming\Code\User\globalStorage\redhat.java\1.56.0\config_win\org.eclipse.equinox.launcher\org.eclipse.equinox.launcher.win32.win32.x86_64_1.3.100.v20260804-1928\eclipse_11924.dll
Event: 3.955 Loaded shared library C:\Users\T450 i5 Gen 5\AppData\Roaming\Code\User\globalStorage\redhat.java\1.56.0\config_win\org.eclipse.equinox.launcher\org.eclipse.equinox.launcher.win32.win32.x86_64_1.3.100.v20260804-1928\eclipse_11924.dll
Event: 8.362 Attempting to load shared library C:\Users\T450 i5 Gen 5\AppData\Local\Temp\jna--965173098\jna9072052438767887942.dll
Event: 8.370 Loaded shared library C:\Users\T450 i5 Gen 5\AppData\Local\Temp\jna--965173098\jna9072052438767887942.dll

Deoptimization events (20 events):
Event: 3864.750 Thread 0x0000025e5fde6010 Uncommon trap: trap_request=0xffffff45 fr.pc=0x0000025e0b10c2dc relative=0x00000000000007dc
Event: 3864.750 Thread 0x0000025e5fde6010 Uncommon trap: reason=unstable_if action=reinterpret pc=0x0000025e0b10c2dc method=org.eclipse.jdt.core.dom.ASTNode.preReplaceChild(Lorg/eclipse/jdt/core/dom/ASTNode;Lorg/eclipse/jdt/core/dom/ASTNode;Lorg/eclipse/jdt/core/dom/ChildPropertyDescriptor;)V @ 3
Event: 3864.750 Thread 0x0000025e5fde6010 DEOPT PACKING pc=0x0000025e0b10c2dc sp=0x00000077d10fdf60
Event: 3864.751 Thread 0x0000025e5fde6010 DEOPT UNPACKING pc=0x0000025e0a6c3aa2 sp=0x00000077d10fdf90 mode 2
Event: 3864.751 Thread 0x0000025e5fde6010 Uncommon trap: trap_request=0xffffff45 fr.pc=0x0000025e0b9de544 relative=0x0000000000000664
Event: 3864.751 Thread 0x0000025e5fde6010 Uncommon trap: reason=unstable_if action=reinterpret pc=0x0000025e0b9de544 method=org.eclipse.jdt.core.dom.ASTNode.postReplaceChild(Lorg/eclipse/jdt/core/dom/ASTNode;Lorg/eclipse/jdt/core/dom/ASTNode;Lorg/eclipse/jdt/core/dom/ChildPropertyDescriptor;)V @ 
Event: 3864.751 Thread 0x0000025e5fde6010 DEOPT PACKING pc=0x0000025e0b9de544 sp=0x00000077d10fdf80
Event: 3864.751 Thread 0x0000025e5fde6010 DEOPT UNPACKING pc=0x0000025e0a6c3aa2 sp=0x00000077d10fdf90 mode 2
Event: 3865.769 Thread 0x0000025e5e9461c0 Uncommon trap: trap_request=0xffffff45 fr.pc=0x0000025e0bb112d4 relative=0x0000000000001754
Event: 3865.769 Thread 0x0000025e5e9461c0 Uncommon trap: reason=unstable_if action=reinterpret pc=0x0000025e0bb112d4 method=org.eclipse.jdt.internal.compiler.codegen.ConstantPool.literalIndexForLdc([C)I @ 247 c2
Event: 3865.769 Thread 0x0000025e5e9461c0 DEOPT PACKING pc=0x0000025e0bb112d4 sp=0x00000077d36fd840
Event: 3865.769 Thread 0x0000025e5e9461c0 DEOPT UNPACKING pc=0x0000025e0a6c3aa2 sp=0x00000077d36fd7d0 mode 2
Event: 3865.840 Thread 0x0000025e5fde6010 DEOPT PACKING pc=0x0000025e051d6b5a sp=0x00000077d10fe340
Event: 3865.840 Thread 0x0000025e5fde6010 DEOPT UNPACKING pc=0x0000025e0a6c4242 sp=0x00000077d10fd838 mode 0
Event: 3867.905 Thread 0x0000025e5fde38b0 Uncommon trap: trap_request=0xffffff6e fr.pc=0x0000025e0bb19b14 relative=0x00000000000002b4
Event: 3867.905 Thread 0x0000025e5fde38b0 Uncommon trap: reason=loop_limit_check action=maybe_recompile pc=0x0000025e0bb19b14 method=org.eclipse.jdt.internal.core.util.CommentRecorderParser.checkComment()V @ 202 c2
Event: 3867.905 Thread 0x0000025e5fde38b0 DEOPT PACKING pc=0x0000025e0bb19b14 sp=0x00000077d33fe3d0
Event: 3867.905 Thread 0x0000025e5fde38b0 DEOPT UNPACKING pc=0x0000025e0a6c3aa2 sp=0x00000077d33fe340 mode 2
Event: 3871.441 Thread 0x0000025e5fde6d30 DEOPT PACKING pc=0x0000025e0516fc83 sp=0x00000077d2cfe660
Event: 3871.441 Thread 0x0000025e5fde6d30 DEOPT UNPACKING pc=0x0000025e0a6c4242 sp=0x00000077d2cfdb70 mode 0

Classes loaded (20 events):
Event: 87.000 Loading class java/util/function/IntPredicate
Event: 87.000 Loading class java/util/function/IntPredicate done
Event: 87.032 Loading class java/util/regex/Pattern$Bound
Event: 87.032 Loading class java/util/regex/Pattern$Bound done
Event: 327.672 Loading class java/util/stream/Nodes$CollectorTask$OfRef
Event: 327.672 Loading class java/util/stream/Nodes$CollectorTask
Event: 327.673 Loading class java/util/stream/Nodes$CollectorTask done
Event: 327.673 Loading class java/util/stream/Nodes$CollectorTask$OfRef done
Event: 327.679 Loading class java/util/function/LongFunction
Event: 327.679 Loading class java/util/function/LongFunction done
Event: 327.680 Loading class java/util/stream/Nodes$ConcNode
Event: 327.680 Loading class java/util/stream/Nodes$AbstractConcNode
Event: 327.680 Loading class java/util/stream/Nodes$AbstractConcNode done
Event: 327.680 Loading class java/util/stream/Nodes$ConcNode done
Event: 327.701 Loading class java/io/ObjectOutputStream$BlockDataOutputStream
Event: 327.702 Loading class java/io/ObjectOutputStream$BlockDataOutputStream done
Event: 327.702 Loading class java/io/ObjectOutputStream$HandleTable
Event: 327.702 Loading class java/io/ObjectOutputStream$HandleTable done
Event: 327.702 Loading class java/io/ObjectOutputStream$ReplaceTable
Event: 327.702 Loading class java/io/ObjectOutputStream$ReplaceTable done

Classes unloaded (20 events):
Event: 3730.724 Thread 0x0000025e16650300 Unloading class 0x0000025e18014800 'java/lang/invoke/LambdaForm$MH+0x0000025e18014800'
Event: 3730.725 Thread 0x0000025e16650300 Unloading class 0x0000025e1800d800 'java/lang/invoke/LambdaForm$MH+0x0000025e1800d800'
Event: 3730.725 Thread 0x0000025e16650300 Unloading class 0x0000025e1800d400 'java/lang/invoke/LambdaForm$MH+0x0000025e1800d400'
Event: 3730.725 Thread 0x0000025e16650300 Unloading class 0x0000025e1800d000 'java/lang/invoke/LambdaForm$MH+0x0000025e1800d000'
Event: 3730.725 Thread 0x0000025e16650300 Unloading class 0x0000025e1800cc00 'java/lang/invoke/LambdaForm$MH+0x0000025e1800cc00'
Event: 3730.725 Thread 0x0000025e16650300 Unloading class 0x0000025e1800c800 'java/lang/invoke/LambdaForm$BMH+0x0000025e1800c800'
Event: 3730.725 Thread 0x0000025e16650300 Unloading class 0x0000025e1800c000 'java/lang/invoke/LambdaForm$DMH+0x0000025e1800c000'
Event: 3730.725 Thread 0x0000025e16650300 Unloading class 0x0000025e18008c00 'java/lang/invoke/LambdaForm$MH+0x0000025e18008c00'
Event: 3730.725 Thread 0x0000025e16650300 Unloading class 0x0000025e18008800 'java/lang/invoke/LambdaForm$MH+0x0000025e18008800'
Event: 3730.725 Thread 0x0000025e16650300 Unloading class 0x0000025e18008400 'java/lang/invoke/LambdaForm$MH+0x0000025e18008400'
Event: 3730.725 Thread 0x0000025e16650300 Unloading class 0x0000025e18007000 'java/lang/invoke/LambdaForm$MH+0x0000025e18007000'
Event: 3730.725 Thread 0x0000025e16650300 Unloading class 0x0000025e18006c00 'java/lang/invoke/LambdaForm$MH+0x0000025e18006c00'
Event: 3730.725 Thread 0x0000025e16650300 Unloading class 0x0000025e18006800 'java/lang/invoke/LambdaForm$MH+0x0000025e18006800'
Event: 3730.725 Thread 0x0000025e16650300 Unloading class 0x0000025e18006400 'java/lang/invoke/LambdaForm$MH+0x0000025e18006400'
Event: 3730.725 Thread 0x0000025e16650300 Unloading class 0x0000025e18005c00 'java/lang/invoke/LambdaForm$BMH+0x0000025e18005c00'
Event: 3730.726 Thread 0x0000025e16650300 Unloading class 0x0000025e18004800 'java/lang/invoke/LambdaForm$DMH+0x0000025e18004800'
Event: 3730.726 Thread 0x0000025e16650300 Unloading class 0x0000025e18002400 'java/lang/invoke/LambdaForm$MH+0x0000025e18002400'
Event: 3730.726 Thread 0x0000025e16650300 Unloading class 0x0000025e18002000 'java/lang/invoke/LambdaForm$MH+0x0000025e18002000'
Event: 3730.726 Thread 0x0000025e16650300 Unloading class 0x0000025e18001800 'java/lang/invoke/LambdaForm$MH+0x0000025e18001800'
Event: 3730.726 Thread 0x0000025e16650300 Unloading class 0x0000025e18000400 'java/lang/invoke/LambdaForm$MH+0x0000025e18000400'

Classes redefined (0 events):
No events

Internal exceptions (20 events):
Event: 327.749 Thread 0x0000025e5fde6d30 Exception <a 'java/lang/NoSuchMethodError'{0x00000000d55d9f40}: 'java.lang.Object java.lang.invoke.DirectMethodHandle$Holder.newInvokeSpecial(java.lang.Object, java.lang.Object, java.lang.Object, java.lang.Object, java.lang.Object, java.lang.Object, java.lang.Object, java.lang.Object)'> (0x00000000d55d9f40) 
thrown [s\src\hotspot\share\interpreter\linkResolver.cpp, line 773]
Event: 3729.034 Thread 0x0000025e5e9461c0 Exception <a 'java/lang/ArrayIndexOutOfBoundsException'{0x00000000d5907460}> (0x00000000d5907460) 
thrown [s\src\hotspot\share\runtime\sharedRuntime.cpp, line 625]
Event: 3729.034 Thread 0x0000025e5e9461c0 Exception <a 'java/lang/ArrayIndexOutOfBoundsException'{0x00000000d5907ab0}> (0x00000000d5907ab0) 
thrown [s\src\hotspot\share\runtime\sharedRuntime.cpp, line 625]
Event: 3729.034 Thread 0x0000025e5e9461c0 Exception <a 'java/lang/ArrayIndexOutOfBoundsException'{0x00000000d5907e50}> (0x00000000d5907e50) 
thrown [s\src\hotspot\share\runtime\sharedRuntime.cpp, line 625]
Event: 3733.502 Thread 0x0000025e5fde3220 Implicit null exception at 0x0000025e0b3aa1ec to 0x0000025e0b3ae270
Event: 3746.853 Thread 0x0000025e5e9461c0 Exception <a 'java/lang/ArrayIndexOutOfBoundsException'{0x00000000d579d918}> (0x00000000d579d918) 
thrown [s\src\hotspot\share\runtime\sharedRuntime.cpp, line 625]
Event: 3746.853 Thread 0x0000025e5e9461c0 Exception <a 'java/lang/ArrayIndexOutOfBoundsException'{0x00000000d579df68}> (0x00000000d579df68) 
thrown [s\src\hotspot\share\runtime\sharedRuntime.cpp, line 625]
Event: 3746.853 Thread 0x0000025e5e9461c0 Exception <a 'java/lang/ArrayIndexOutOfBoundsException'{0x00000000d579e308}> (0x00000000d579e308) 
thrown [s\src\hotspot\share\runtime\sharedRuntime.cpp, line 625]
Event: 3747.523 Thread 0x0000025e5e9461c0 Exception <a 'java/lang/ArrayIndexOutOfBoundsException'{0x00000000d65b2d68}> (0x00000000d65b2d68) 
thrown [s\src\hotspot\share\runtime\sharedRuntime.cpp, line 625]
Event: 3747.523 Thread 0x0000025e5e9461c0 Exception <a 'java/lang/ArrayIndexOutOfBoundsException'{0x00000000d65b33b8}> (0x00000000d65b33b8) 
thrown [s\src\hotspot\share\runtime\sharedRuntime.cpp, line 625]
Event: 3747.523 Thread 0x0000025e5e9461c0 Exception <a 'java/lang/ArrayIndexOutOfBoundsException'{0x00000000d65b3758}> (0x00000000d65b3758) 
thrown [s\src\hotspot\share\runtime\sharedRuntime.cpp, line 625]
Event: 3790.432 Thread 0x0000025e5fde4c60 Implicit null exception at 0x0000025e0b688a3c to 0x0000025e0b68a86c
Event: 3790.432 Thread 0x0000025e5fde4c60 Implicit null exception at 0x0000025e0b6267b9 to 0x0000025e0b626a49
Event: 3790.433 Thread 0x0000025e5fde4c60 Implicit null exception at 0x0000025e0aea620e to 0x0000025e0aea62b5
Event: 3811.164 Thread 0x0000025e5fde4c60 Implicit null exception at 0x0000025e0ad84609 to 0x0000025e0ad859a8
Event: 3811.212 Thread 0x0000025e5fde4c60 Implicit null exception at 0x0000025e0b721939 to 0x0000025e0b721b6c
Event: 3811.219 Thread 0x0000025e5fde4c60 Implicit null exception at 0x0000025e0b24419f to 0x0000025e0b245e28
Event: 3811.861 Thread 0x0000025e5fde4c60 Exception <a 'java/lang/NoSuchMethodError'{0x00000000d56b9b70}: 'void java.lang.invoke.DelegatingMethodHandle$Holder.reinvoke_L(java.lang.Object, java.lang.Object, int)'> (0x00000000d56b9b70) 
thrown [s\src\hotspot\share\interpreter\linkResolver.cpp, line 773]
Event: 3817.403 Thread 0x0000025e5e9461c0 Exception <a 'java/lang/ArrayIndexOutOfBoundsException'{0x00000000d5799588}> (0x00000000d5799588) 
thrown [s\src\hotspot\share\runtime\sharedRuntime.cpp, line 625]
Event: 3865.744 Thread 0x0000025e5e9461c0 Exception <a 'java/lang/ArrayIndexOutOfBoundsException'{0x00000000d55cbf28}> (0x00000000d55cbf28) 
thrown [s\src\hotspot\share\runtime\sharedRuntime.cpp, line 625]

ZGC Phase Switch (0 events):
No events

VM Operations (20 events):
Event: 3865.278 Executing safepoint VM operation: ParallelGCFailedAllocation (Allocation Failure)
Event: 3865.279 Executing safepoint VM operation: ParallelGCFailedAllocation (Allocation Failure) done
Event: 3865.740 Executing safepoint VM operation: ParallelGCFailedAllocation (Allocation Failure)
Event: 3865.741 Executing safepoint VM operation: ParallelGCFailedAllocation (Allocation Failure) done
Event: 3866.198 Executing safepoint VM operation: ParallelGCFailedAllocation (Allocation Failure)
Event: 3866.200 Executing safepoint VM operation: ParallelGCFailedAllocation (Allocation Failure) done
Event: 3867.087 Executing safepoint VM operation: ParallelGCFailedAllocation (Allocation Failure)
Event: 3867.089 Executing safepoint VM operation: ParallelGCFailedAllocation (Allocation Failure) done
Event: 3867.764 Executing safepoint VM operation: ParallelGCFailedAllocation (Allocation Failure)
Event: 3867.766 Executing safepoint VM operation: ParallelGCFailedAllocation (Allocation Failure) done
Event: 3868.495 Executing safepoint VM operation: ParallelGCFailedAllocation (Allocation Failure)
Event: 3868.498 Executing safepoint VM operation: ParallelGCFailedAllocation (Allocation Failure) done
Event: 3869.066 Executing safepoint VM operation: ParallelGCFailedAllocation (Allocation Failure)
Event: 3869.069 Executing safepoint VM operation: ParallelGCFailedAllocation (Allocation Failure) done
Event: 3869.499 Executing safepoint VM operation: ParallelGCFailedAllocation (Allocation Failure)
Event: 3869.501 Executing safepoint VM operation: ParallelGCFailedAllocation (Allocation Failure) done
Event: 3871.014 Executing safepoint VM operation: ParallelGCFailedAllocation (Allocation Failure)
Event: 3871.015 Executing safepoint VM operation: ParallelGCFailedAllocation (Allocation Failure) done
Event: 3871.457 Executing safepoint VM operation: ParallelGCFailedAllocation (Allocation Failure)
Event: 3871.460 Executing safepoint VM operation: ParallelGCFailedAllocation (Allocation Failure) done

Memory protections (0 events):
No events

Nmethod flushes (20 events):
Event: 3731.481 Thread 0x0000025e16650300 flushing  nmethod 0x0000025e04175b90
Event: 3731.481 Thread 0x0000025e16650300 flushing  nmethod 0x0000025e0417a010
Event: 3731.481 Thread 0x0000025e16650300 flushing  nmethod 0x0000025e0418a490
Event: 3731.481 Thread 0x0000025e16650300 flushing  nmethod 0x0000025e041cbb90
Event: 3731.481 Thread 0x0000025e16650300 flushing  nmethod 0x0000025e041d2d90
Event: 3731.481 Thread 0x0000025e16650300 flushing  nmethod 0x0000025e041d3c90
Event: 3731.481 Thread 0x0000025e16650300 flushing  nmethod 0x0000025e041d5410
Event: 3731.481 Thread 0x0000025e16650300 flushing  nmethod 0x0000025e041d6190
Event: 3731.481 Thread 0x0000025e16650300 flushing  nmethod 0x0000025e041e1710
Event: 3731.481 Thread 0x0000025e16650300 flushing  nmethod 0x0000025e041e2510
Event: 3731.481 Thread 0x0000025e16650300 flushing  nmethod 0x0000025e041e4a90
Event: 3731.481 Thread 0x0000025e16650300 flushing  nmethod 0x0000025e041e9c10
Event: 3731.481 Thread 0x0000025e16650300 flushing  nmethod 0x0000025e041ed910
Event: 3731.481 Thread 0x0000025e16650300 flushing osr nmethod 0x0000025e041f5f90
Event: 3731.482 Thread 0x0000025e16650300 flushing  nmethod 0x0000025e041f6810
Event: 3731.482 Thread 0x0000025e16650300 flushing  nmethod 0x0000025e041f6f10
Event: 3731.482 Thread 0x0000025e16650300 flushing  nmethod 0x0000025e04239d10
Event: 3731.482 Thread 0x0000025e16650300 flushing  nmethod 0x0000025e04242710
Event: 3731.482 Thread 0x0000025e16650300 flushing  nmethod 0x0000025e0424c010
Event: 3731.482 Thread 0x0000025e16650300 flushing  nmethod 0x0000025e04260310

Events (20 events):
Event: 704.373 Thread 0x0000025e5e947570 Thread exited: 0x0000025e5e947570
Event: 1004.378 Thread 0x0000025e5e94b710 Thread exited: 0x0000025e5e94b710
Event: 3698.943 Thread 0x0000025e5e9461c0 Thread added: 0x0000025e5fde6010
Event: 3699.295 Thread 0x0000025e5e9461c0 Thread added: 0x0000025e5fde4c60
Event: 3699.415 Thread 0x0000025e5e9461c0 Thread added: 0x0000025e5fde3220
Event: 3700.711 Thread 0x0000025e5fde6d30 Thread added: 0x0000025e5fde66a0
Event: 3729.057 Thread 0x0000025e5e9461c0 Thread added: 0x0000025e5fde52f0
Event: 3729.057 Thread 0x0000025e5fde52f0 Thread added: 0x0000025e5fde5980
Event: 3729.058 Thread 0x0000025e5fde5980 Thread added: 0x0000025e5fde73c0
Event: 3729.934 Thread 0x0000025e5e9461c0 Thread added: 0x0000025e5fde8770
Event: 3747.255 Thread 0x0000025e1667b060 Thread added: 0x0000025e58459950
Event: 3747.434 Thread 0x0000025e58459950 Thread exited: 0x0000025e58459950
Event: 3747.723 Thread 0x0000025e1667b060 Thread added: 0x0000025e5845adc0
Event: 3748.095 Thread 0x0000025e5845adc0 Thread exited: 0x0000025e5845adc0
Event: 3793.031 Thread 0x0000025e5fde8770 Thread exited: 0x0000025e5fde8770
Event: 3811.710 Thread 0x0000025e1667fbd0 Thread added: 0x0000025e584540c0
Event: 3812.184 Thread 0x0000025e584540c0 Thread exited: 0x0000025e584540c0
Event: 3818.252 Thread 0x0000025e5e9461c0 Thread added: 0x0000025e5fde38b0
Event: 3820.857 Thread 0x0000025e1667fbd0 Thread added: 0x0000025e58458bb0
Event: 3821.157 Thread 0x0000025e58458bb0 Thread exited: 0x0000025e58458bb0


Dynamic libraries:
0x00007ff65e450000 - 0x00007ff65e45e000 	c:\Users\T450 i5 Gen 5\.vscode\extensions\redhat.java-1.56.0-win32-x64\jre\21.0.12.1-win32-x86_64\bin\java.exe
0x00007fffe9f70000 - 0x00007fffea168000 	C:\Windows\SYSTEM32\ntdll.dll
0x00007fffe84b0000 - 0x00007fffe8572000 	C:\Windows\System32\KERNEL32.DLL
0x00007fffe7750000 - 0x00007fffe7a46000 	C:\Windows\System32\KERNELBASE.dll
0x00007fffe75d0000 - 0x00007fffe76d0000 	C:\Windows\System32\ucrtbase.dll
0x00007fffe1510000 - 0x00007fffe1528000 	c:\Users\T450 i5 Gen 5\.vscode\extensions\redhat.java-1.56.0-win32-x64\jre\21.0.12.1-win32-x86_64\bin\jli.dll
0x00007fffe85a0000 - 0x00007fffe8741000 	C:\Windows\System32\USER32.dll
0x00007fffe7b40000 - 0x00007fffe7b62000 	C:\Windows\System32\win32u.dll
0x00007fffe7f60000 - 0x00007fffe7f8b000 	C:\Windows\System32\GDI32.dll
0x00007fffe7b70000 - 0x00007fffe7c89000 	C:\Windows\System32\gdi32full.dll
0x00007fffe7aa0000 - 0x00007fffe7b3d000 	C:\Windows\System32\msvcp_win.dll
0x00007fffdba90000 - 0x00007fffdbaae000 	c:\Users\T450 i5 Gen 5\.vscode\extensions\redhat.java-1.56.0-win32-x64\jre\21.0.12.1-win32-x86_64\bin\VCRUNTIME140.dll
0x00007fffd54c0000 - 0x00007fffd575b000 	C:\Windows\WinSxS\amd64_microsoft.windows.common-controls_6595b64144ccf1df_6.0.19041.6456_none_60b8a6cb71f64256\COMCTL32.dll
0x00007fffe8750000 - 0x00007fffe87ee000 	C:\Windows\System32\msvcrt.dll
0x00007fffe89c0000 - 0x00007fffe89ef000 	C:\Windows\System32\IMM32.DLL
0x00007fffe4a00000 - 0x00007fffe4a0c000 	c:\Users\T450 i5 Gen 5\.vscode\extensions\redhat.java-1.56.0-win32-x64\jre\21.0.12.1-win32-x86_64\bin\vcruntime140_1.dll
0x00007fffac1c0000 - 0x00007fffac24d000 	c:\Users\T450 i5 Gen 5\.vscode\extensions\redhat.java-1.56.0-win32-x64\jre\21.0.12.1-win32-x86_64\bin\msvcp140.dll
0x00007fff648c0000 - 0x00007fff65662000 	c:\Users\T450 i5 Gen 5\.vscode\extensions\redhat.java-1.56.0-win32-x64\jre\21.0.12.1-win32-x86_64\bin\server\jvm.dll
0x00007fffe89f0000 - 0x00007fffe8aa1000 	C:\Windows\System32\ADVAPI32.dll
0x00007fffe8d60000 - 0x00007fffe8dff000 	C:\Windows\System32\sechost.dll
0x00007fffe8e00000 - 0x00007fffe8f20000 	C:\Windows\System32\RPCRT4.dll
0x00007fffe7f30000 - 0x00007fffe7f57000 	C:\Windows\System32\bcrypt.dll
0x00007fffe8b40000 - 0x00007fffe8bab000 	C:\Windows\System32\WS2_32.dll
0x00007fffe6b20000 - 0x00007fffe6b6b000 	C:\Windows\SYSTEM32\POWRPROF.dll
0x00007fffd5760000 - 0x00007fffd5787000 	C:\Windows\SYSTEM32\WINMM.dll
0x00007fffd6590000 - 0x00007fffd659a000 	C:\Windows\SYSTEM32\VERSION.dll
0x00007fffe6990000 - 0x00007fffe69a2000 	C:\Windows\SYSTEM32\UMPDC.dll
0x00007fffe5320000 - 0x00007fffe5332000 	C:\Windows\SYSTEM32\kernel.appcore.dll
0x00007fffe1f80000 - 0x00007fffe1f8a000 	c:\Users\T450 i5 Gen 5\.vscode\extensions\redhat.java-1.56.0-win32-x64\jre\21.0.12.1-win32-x86_64\bin\jimage.dll
0x00007fffd58e0000 - 0x00007fffd5ae1000 	C:\Windows\SYSTEM32\DBGHELP.DLL
0x00007fffcc430000 - 0x00007fffcc464000 	C:\Windows\SYSTEM32\dbgcore.DLL
0x00007fffe7df0000 - 0x00007fffe7e72000 	C:\Windows\System32\bcryptPrimitives.dll
0x00007fffdfbc0000 - 0x00007fffdfbcf000 	c:\Users\T450 i5 Gen 5\.vscode\extensions\redhat.java-1.56.0-win32-x64\jre\21.0.12.1-win32-x86_64\bin\instrument.dll
0x00007fffcf410000 - 0x00007fffcf430000 	c:\Users\T450 i5 Gen 5\.vscode\extensions\redhat.java-1.56.0-win32-x64\jre\21.0.12.1-win32-x86_64\bin\java.dll
0x00007fffe9530000 - 0x00007fffe9ca0000 	C:\Windows\System32\SHELL32.dll
0x00007fffe5600000 - 0x00007fffe5da5000 	C:\Windows\SYSTEM32\windows.storage.dll
0x00007fffe90a0000 - 0x00007fffe93f4000 	C:\Windows\System32\combase.dll
0x00007fffe6f20000 - 0x00007fffe6f4b000 	C:\Windows\SYSTEM32\Wldp.dll
0x00007fffe88f0000 - 0x00007fffe89bd000 	C:\Windows\System32\OLEAUT32.dll
0x00007fffe8400000 - 0x00007fffe84ad000 	C:\Windows\System32\SHCORE.dll
0x00007fffe8d00000 - 0x00007fffe8d5b000 	C:\Windows\System32\shlwapi.dll
0x00007fffe7500000 - 0x00007fffe7524000 	C:\Windows\SYSTEM32\profapi.dll
0x00007fffcb170000 - 0x00007fffcb188000 	c:\Users\T450 i5 Gen 5\.vscode\extensions\redhat.java-1.56.0-win32-x64\jre\21.0.12.1-win32-x86_64\bin\zip.dll
0x00007fffdfb80000 - 0x00007fffdfb90000 	C:\Users\T450 i5 Gen 5\.vscode\extensions\redhat.java-1.56.0-win32-x64\jre\21.0.12.1-win32-x86_64\bin\net.dll
0x00007fffe0900000 - 0x00007fffe0a0a000 	C:\Windows\SYSTEM32\WINHTTP.dll
0x00007fffe6d00000 - 0x00007fffe6d6a000 	C:\Windows\system32\mswsock.dll
0x00007fffca920000 - 0x00007fffca936000 	C:\Users\T450 i5 Gen 5\.vscode\extensions\redhat.java-1.56.0-win32-x64\jre\21.0.12.1-win32-x86_64\bin\nio.dll
0x00007fffdf440000 - 0x00007fffdf450000 	c:\Users\T450 i5 Gen 5\.vscode\extensions\redhat.java-1.56.0-win32-x64\jre\21.0.12.1-win32-x86_64\bin\verify.dll
0x00007fffba4b0000 - 0x00007fffba4f5000 	C:\Users\T450 i5 Gen 5\AppData\Roaming\Code\User\globalStorage\redhat.java\1.56.0\config_win\org.eclipse.equinox.launcher\org.eclipse.equinox.launcher.win32.win32.x86_64_1.3.100.v20260804-1928\eclipse_11924.dll
0x00007fffe9400000 - 0x00007fffe952b000 	C:\Windows\System32\ole32.dll
0x00007fffe6f60000 - 0x00007fffe6f78000 	C:\Windows\SYSTEM32\CRYPTSP.dll
0x00007fffe65d0000 - 0x00007fffe6608000 	C:\Windows\system32\rsaenh.dll
0x00007fffe7480000 - 0x00007fffe74ae000 	C:\Windows\SYSTEM32\USERENV.dll
0x00007fffe6e90000 - 0x00007fffe6e9c000 	C:\Windows\SYSTEM32\CRYPTBASE.dll
0x00007fffe69b0000 - 0x00007fffe69eb000 	C:\Windows\SYSTEM32\IPHLPAPI.DLL
0x00007fffe8bb0000 - 0x00007fffe8bb8000 	C:\Windows\System32\NSI.dll
0x00007fffca870000 - 0x00007fffca8b9000 	C:\Users\T450 i5 Gen 5\AppData\Local\Temp\jna--965173098\jna9072052438767887942.dll
0x00007fffe8850000 - 0x00007fffe8858000 	C:\Windows\System32\PSAPI.DLL
0x00007fffe0f30000 - 0x00007fffe0f47000 	C:\Windows\SYSTEM32\dhcpcsvc6.DLL
0x00007fffe0e90000 - 0x00007fffe0ead000 	C:\Windows\SYSTEM32\dhcpcsvc.DLL

JVMTI agents:
c:\Users\T450 i5 Gen 5\.vscode\extensions\redhat.java-1.56.0-win32-x64\lombok\lombok-1.18.39-4050.jar path:c:\Users\T450 i5 Gen 5\.vscode\extensions\redhat.java-1.56.0-win32-x64\jre\21.0.12.1-win32-x86_64\bin\instrument.dll, loaded, initialized, instrumentlib options:none

dbghelp: loaded successfully - version: 4.0.5 - missing functions: none
symbol engine: initialized successfully - sym options: 0x614 - pdb path: .;c:\Users\T450 i5 Gen 5\.vscode\extensions\redhat.java-1.56.0-win32-x64\jre\21.0.12.1-win32-x86_64\bin;C:\Windows\SYSTEM32;C:\Windows\WinSxS\amd64_microsoft.windows.common-controls_6595b64144ccf1df_6.0.19041.6456_none_60b8a6cb71f64256;c:\Users\T450 i5 Gen 5\.vscode\extensions\redhat.java-1.56.0-win32-x64\jre\21.0.12.1-win32-x86_64\bin\server;C:\Users\T450 i5 Gen 5\AppData\Roaming\Code\User\globalStorage\redhat.java\1.56.0\config_win\org.eclipse.equinox.launcher\org.eclipse.equinox.launcher.win32.win32.x86_64_1.3.100.v20260804-1928;C:\Users\T450 i5 Gen 5\AppData\Local\Temp\jna--965173098

VM Arguments:
jvm_args: --add-modules=ALL-SYSTEM --add-opens=java.base/java.util=ALL-UNNAMED --add-opens=java.base/java.lang=ALL-UNNAMED --add-opens=java.base/sun.nio.fs=ALL-UNNAMED -Declipse.application=org.eclipse.jdt.ls.core.id1 -Dosgi.bundles.defaultStartLevel=4 -Declipse.product=org.eclipse.jdt.ls.core.product -Djava.import.generatesMetadataFilesAtProjectRoot=false -Dm2e.project.cache.size=50 -DDetectVMInstallationsJob.disabled=true -Dfile.encoding=utf8 -XX:+UseParallelGC -XX:GCTimeRatio=4 -XX:AdaptiveSizePolicyWeight=90 -Dsun.zip.disableMemoryMapping=true -Xmx2G -Xms100m -Xlog:disable -javaagent:c:\Users\T450 i5 Gen 5\.vscode\extensions\redhat.java-1.56.0-win32-x64\lombok\lombok-1.18.39-4050.jar -XX:+HeapDumpOnOutOfMemoryError -XX:HeapDumpPath=c:\Users\T450 i5 Gen 5\AppData\Roaming\Code\User\workspaceStorage\043d636dd35bb77c55df756c2450f629\redhat.java -Daether.dependencyCollector.impl=bf 
java_command: c:\Users\T450 i5 Gen 5\.vscode\extensions\redhat.java-1.56.0-win32-x64\server\plugins\org.eclipse.equinox.launcher_1.8.0.v20260804-1928.jar -configuration c:\Users\T450 i5 Gen 5\AppData\Roaming\Code\User\globalStorage\redhat.java\1.56.0\config_win -data c:\Users\T450 i5 Gen 5\AppData\Roaming\Code\User\workspaceStorage\043d636dd35bb77c55df756c2450f629\redhat.java\jdt_ws --stdio
java_class_path (initial): c:\Users\T450 i5 Gen 5\.vscode\extensions\redhat.java-1.56.0-win32-x64\server\plugins\org.eclipse.equinox.launcher_1.8.0.v20260804-1928.jar
Launcher Type: SUN_STANDARD

[Global flags]
    uintx AdaptiveSizePolicyWeight                 = 90                                        {product} {command line}
     intx CICompilerCount                          = 3                                         {product} {ergonomic}
    uintx GCTimeRatio                              = 4                                         {product} {command line}
     bool HeapDumpOnOutOfMemoryError               = true                                   {manageable} {command line}
    ccstr HeapDumpPath                             = c:\Users\T450 i5 Gen 5\AppData\Roaming\Code\User\workspaceStorage\043d636dd35bb77c55df756c2450f629\redhat.java         {manageable} {command line}
   size_t InitialHeapSize                          = 104857600                                 {product} {command line}
   size_t MaxHeapSize                              = 2147483648                                {product} {command line}
   size_t MaxNewSize                               = 715653120                                 {product} {ergonomic}
   size_t MinHeapDeltaBytes                        = 524288                                    {product} {ergonomic}
   size_t MinHeapSize                              = 104857600                                 {product} {command line}
   size_t NewSize                                  = 34603008                                  {product} {ergonomic}
    uintx NonNMethodCodeHeapSize                   = 5832780                                {pd product} {ergonomic}
    uintx NonProfiledCodeHeapSize                  = 122912730                              {pd product} {ergonomic}
   size_t OldSize                                  = 70254592                                  {product} {ergonomic}
    uintx ProfiledCodeHeapSize                     = 122912730                              {pd product} {ergonomic}
    uintx ReservedCodeCacheSize                    = 251658240                              {pd product} {ergonomic}
     bool SegmentedCodeCache                       = true                                      {product} {ergonomic}
   size_t SoftMaxHeapSize                          = 2147483648                             {manageable} {ergonomic}
     bool UseCompressedOops                        = true                           {product lp64_product} {ergonomic}
     bool UseLargePagesIndividualAllocation        = false                                  {pd product} {ergonomic}
     bool UseParallelGC                            = true                                      {product} {command line}

Logging:
Log output configuration:
 #0: stdout all=off uptime,level,tags foldmultilines=false
 #1: stderr all=off uptime,level,tags foldmultilines=false

Release file:
JAVA_VERSION="21.0.12.1" 
MODULES="java.base java.compiler java.datatransfer java.xml java.prefs java.desktop java.instrument java.logging java.management java.security.sasl java.naming java.rmi java.management.rmi java.net.http java.scripting java.security.jgss java.transaction.xa java.sql java.sql.rowset java.xml.crypto java.se java.smartcardio jdk.accessibility jdk.internal.jvmstat jdk.attach jdk.charsets jdk.internal.opt jdk.zipfs jdk.compiler jdk.crypto.ec jdk.crypto.cryptoki jdk.crypto.mscapi jdk.dynalink jdk.internal.ed jdk.editpad jdk.hotspot.agent jdk.httpserver jdk.internal.le jdk.internal.vm.ci jdk.internal.vm.compiler jdk.internal.vm.compiler.management jdk.jartool jdk.javadoc jdk.jcmd jdk.management jdk.management.agent jdk.jconsole jdk.jdeps jdk.jdwp.agent jdk.jdi jdk.jfr jdk.jshell jdk.jsobject jdk.jstatd jdk.localedata jdk.management.jfr jdk.naming.dns jdk.naming.rmi jdk.net jdk.nio.mapmode jdk.random jdk.sctp jdk.security.auth jdk.security.jgss jdk.unsupported jdk.unsupported.desktop jdk.xml.dom" 

Environment Variables:
JAVA_HOME=C:\Users\T450 i5 Gen 5\AppData\Local\Programs\Eclipse Adoptium\jdk-21.0.12.101-hotspot
PATH=C:\Program Files\ImageMagick-7.1.2-Q16-HDRI;C:\Windows\system32;C:\Windows;C:\Windows\System32\Wbem;C:\Windows\System32\WindowsPowerShell\v1.0\;C:\Windows\System32\OpenSSH\;C:\Users\T450 i5 Gen 5\AppData\Roaming\nvm;C:\Program Files\nodejs;C:\Program Files\Git\cmd;C:\Program Files\Docker\Docker\resources\bin;C:\Users\T450 i5 Gen 5\AppData\Local\Programs\Eclipse Adoptium\jdk-21.0.12.101-hotspot\bin;C:\Users\T450 i5 Gen 5\AppData\Local\Microsoft\WindowsApps;C:\Users\T450 i5 Gen 5\AppData\Roaming\nvm;C:\Users\T450 i5 Gen 5\AppData\Local\Programs\Microsoft VS Code\bin;C:\Users\T450 i5 Gen 5\AppData\Local\Microsoft\WinGet\Links;;C:\Users\T450 i5 Gen 5\.bun\bin
USERNAME=T450 i5 Gen 5
OS=Windows_NT
PROCESSOR_IDENTIFIER=Intel64 Family 6 Model 61 Stepping 4, GenuineIntel
TMP=C:\Users\T450I5~1\AppData\Local\Temp
TEMP=C:\Users\T450I5~1\AppData\Local\Temp




Periodic native trim disabled

---------------  S Y S T E M  ---------------

OS:
 Windows 10 , 64 bit Build 19041 (10.0.19041.5915)
OS uptime: 50 days 0:01 hours
Hyper-V role detected

CPU: total 4 (initial active 4) (2 cores per cpu, 2 threads per core) family 6 model 61 stepping 4 microcode 0x2d, cx8, cmov, fxsr, ht, mmx, 3dnowpref, sse, sse2, sse3, ssse3, sse4.1, sse4.2, popcnt, lzcnt, tsc, tscinvbit, avx, avx2, aes, erms, clmul, bmi1, bmi2, rtm, adx, fma, vzeroupper, clflush, hv, rdtscp, f16c
Processor Information for the first 4 processors :
  Max Mhz: 2295, Current Mhz: 2295, Mhz Limit: 2295

Memory: 4k page, system-wide physical 8066M (469M free)
TotalPageFile size 21816M (AvailPageFile size 1M)
current process WorkingSet (physical memory assigned to process): 366M, peak: 384M
current process commit charge ("private bytes"): 462M, peak: 468M

vm_info: OpenJDK 64-Bit Server VM (21.0.12.1+1-LTS) for windows-amd64 JRE (21.0.12.1+1-LTS), built on 2026-08-18T00:00:00Z by "admin" with MS VC++ 17.12 (VS2022)

END.
